// Jest Snapshot v1, https://goo.gl/fbAQLP

exports[`renders correctly 1`] = `
<div
  className="photo-container"
  onMouseEnter={[Function]}
  onMouseLeave={[Function]}
  style={
    Object {
      "backgroundColor": "white",
      "borderRadius": 5,
      "height": 120,
      "marginBottom": "3%",
      "marginRight": "2%",
      "padding": 10,
      "paddingBottom": 30,
      "position": "relative",
      "width": "14%",
    }
  }
>
  <a
    href="/details/1"
    onClick={[Function]}
  >
    <div
      style={
        Object {
          "alignItems": "center",
          "height": "80%",
          "textAlign": "center",
        }
      }
    >
      <img
        alt=""
        src="https://live.staticflickr.com/65535/49576463881_2b829c4d26_t.jpg"
        style={
          Object {
            "verticalAlign": "middle",
            "zIndex": 100,
          }
        }
      />
    </div>
    <div
      id="photo-description"
      style={
        Object {
          "bottom": 5,
          "opacity": 0,
          "position": "absolute",
          "textAlign": "left",
        }
      }
    >
      <div
        className="photo-date-taken"
        style={
          Object {
            "color": "black",
            "fontSize": 9,
            "fontWeight": 200,
            "zIndex": 101,
          }
        }
      >
        2020 12.23 08:00
      </div>
      <div
        className="photo-author"
        style={
          Object {
            "color": "black",
            "fontSize": 9,
            "fontWeight": 200,
            "marginBottom": 3,
            "zIndex": 101,
          }
        }
      >
        By: 
        number 24 at flickr@flickr.com
      </div>
    </div>
    <div>
      <div
        className="photo-details"
        style={
          Object {
            "fontSize": 11,
            "opacity": 0,
            "position": "absolute",
            "right": 10,
            "top": 10,
            "zIndex": 101,
          }
        }
      >
        more
      </div>
    </div>
  </a>
</div>
`;
